// Jest Snapshot v1, https://goo.gl/fbAQLP

exports[`loads the container with everything 1`] = `
<div
  className="section homeContainer"
>
  <h2
    className="title"
  >
    Welcome to the Mathemagics website!
  </h2>
  <p
    className="introduction"
  >
    Lorem, ipsum dolor sit amet consectetur adipisicing elit. Aliquam, in! Officia ex, corrupti error nemo doloribus labore ratione repudiandae laboriosam repellat neque asperiores, sint eos assumenda illum dicta voluptate. Dolorem temporibus veritatis facere explicabo doloremque magnam iure, repellat facilis hic necessitatibus odit pariatur voluptatum vero, veniam saepe deserunt aliquam dignissimos nisi minima perspiciatis officiis maiores nobis labore provident.
  </p>
  <p
    className="introduction"
  >
    Lorem, ipsum dolor sit amet consectetur adipisicing elit. Aliquam, in! Officia ex, corrupti error nemo doloribus labore ratione repudiandae laboriosam repellat neque asperiores, sint eos assumenda illum dicta voluptate. Dolorem temporibus veritatis facere explicabo doloremque magnam iure, repellat facilis hic necessitatibus odit pariatur voluptatum vero, veniam saepe deserunt aliquam dignissimos nisi minima perspiciatis officiis maiores nobis labore provident.
  </p>
</div>
`;

exports[`loads the home with everything 1`] = `
<div
  className="section homeContainer"
>
  <h2
    className="title"
  >
    Welcome to the Mathemagics website!
  </h2>
  <p
    className="introduction"
  >
    Lorem, ipsum dolor sit amet consectetur adipisicing elit. Aliquam, in! Officia ex, corrupti error nemo doloribus labore ratione repudiandae laboriosam repellat neque asperiores, sint eos assumenda illum dicta voluptate. Dolorem temporibus veritatis facere explicabo doloremque magnam iure, repellat facilis hic necessitatibus odit pariatur voluptatum vero, veniam saepe deserunt aliquam dignissimos nisi minima perspiciatis officiis maiores nobis labore provident.
  </p>
  <p
    className="introduction"
  >
    Lorem, ipsum dolor sit amet consectetur adipisicing elit. Aliquam, in! Officia ex, corrupti error nemo doloribus labore ratione repudiandae laboriosam repellat neque asperiores, sint eos assumenda illum dicta voluptate. Dolorem temporibus veritatis facere explicabo doloremque magnam iure, repellat facilis hic necessitatibus odit pariatur voluptatum vero, veniam saepe deserunt aliquam dignissimos nisi minima perspiciatis officiis maiores nobis labore provident.
  </p>
</div>
`;
