// Jest Snapshot v1, https://goo.gl/fbAQLP

exports[`loads the quotes with everything 1`] = `
<div
  className="section quoteContainer"
>
  <p
    className="quote"
  >
    <span
      className="quote-content"
    >
      An equation means nothing to me unless it expresses a thought of God.
    </span>
    <small
      className="quote-mathematician"
    >
      - Srinivasa Ramanujan
    </small>
  </p>
</div>
`;
